Archive member included to satisfy reference by file (symbol)

c:/st/stm32cubeide_1.10.1/stm32cubeide/plugins/com.st.stm32cube.ide.mcu.externaltools.gnu-tools-for-stm32.10.3-2021.10.win32_1.0.0.202111181127/tools/bin/../lib/gcc/arm-none-eabi/10.3.1/../../../../arm-none-eabi/lib/thumb/v7-m/nofp\libc_nano.a(lib_a-errno.o)
                              ./Core/Src/syscalls.o (__errno)
c:/st/stm32cubeide_1.10.1/stm32cubeide/plugins/com.st.stm32cube.ide.mcu.externaltools.gnu-tools-for-stm32.10.3-2021.10.win32_1.0.0.202111181127/tools/bin/../lib/gcc/arm-none-eabi/10.3.1/../../../../arm-none-eabi/lib/thumb/v7-m/nofp\libc_nano.a(lib_a-exit.o)
                              c:/st/stm32cubeide_1.10.1/stm32cubeide/plugins/com.st.stm32cube.ide.mcu.externaltools.gnu-tools-for-stm32.10.3-2021.10.win32_1.0.0.202111181127/tools/bin/../lib/gcc/arm-none-eabi/10.3.1/../../../../arm-none-eabi/lib/thumb/v7-m/nofp/crt0.o (exit)
c:/st/stm32cubeide_1.10.1/stm32cubeide/plugins/com.st.stm32cube.ide.mcu.externaltools.gnu-tools-for-stm32.10.3-2021.10.win32_1.0.0.202111181127/tools/bin/../lib/gcc/arm-none-eabi/10.3.1/../../../../arm-none-eabi/lib/thumb/v7-m/nofp\libc_nano.a(lib_a-impure.o)
                              c:/st/stm32cubeide_1.10.1/stm32cubeide/plugins/com.st.stm32cube.ide.mcu.externaltools.gnu-tools-for-stm32.10.3-2021.10.win32_1.0.0.202111181127/tools/bin/../lib/gcc/arm-none-eabi/10.3.1/../../../../arm-none-eabi/lib/thumb/v7-m/nofp\libc_nano.a(lib_a-exit.o) (_global_impure_ptr)
c:/st/stm32cubeide_1.10.1/stm32cubeide/plugins/com.st.stm32cube.ide.mcu.externaltools.gnu-tools-for-stm32.10.3-2021.10.win32_1.0.0.202111181127/tools/bin/../lib/gcc/arm-none-eabi/10.3.1/../../../../arm-none-eabi/lib/thumb/v7-m/nofp\libc_nano.a(lib_a-init.o)
                              c:/st/stm32cubeide_1.10.1/stm32cubeide/plugins/com.st.stm32cube.ide.mcu.externaltools.gnu-tools-for-stm32.10.3-2021.10.win32_1.0.0.202111181127/tools/bin/../lib/gcc/arm-none-eabi/10.3.1/../../../../arm-none-eabi/lib/thumb/v7-m/nofp/crt0.o (__libc_init_array)
c:/st/stm32cubeide_1.10.1/stm32cubeide/plugins/com.st.stm32cube.ide.mcu.externaltools.gnu-tools-for-stm32.10.3-2021.10.win32_1.0.0.202111181127/tools/bin/../lib/gcc/arm-none-eabi/10.3.1/../../../../arm-none-eabi/lib/thumb/v7-m/nofp\libc_nano.a(lib_a-memset.o)
                              c:/st/stm32cubeide_1.10.1/stm32cubeide/plugins/com.st.stm32cube.ide.mcu.externaltools.gnu-tools-for-stm32.10.3-2021.10.win32_1.0.0.202111181127/tools/bin/../lib/gcc/arm-none-eabi/10.3.1/../../../../arm-none-eabi/lib/thumb/v7-m/nofp/crt0.o (memset)

Discarded input sections

 .text          0x0000000000000000        0x0 c:/st/stm32cubeide_1.10.1/stm32cubeide/plugins/com.st.stm32cube.ide.mcu.externaltools.gnu-tools-for-stm32.10.3-2021.10.win32_1.0.0.202111181127/tools/bin/../lib/gcc/arm-none-eabi/10.3.1/thumb/v7-m/nofp/crti.o
 .data          0x0000000000000000        0x0 c:/st/stm32cubeide_1.10.1/stm32cubeide/plugins/com.st.stm32cube.ide.mcu.externaltools.gnu-tools-for-stm32.10.3-2021.10.win32_1.0.0.202111181127/tools/bin/../lib/gcc/arm-none-eabi/10.3.1/thumb/v7-m/nofp/crti.o
 .bss           0x0000000000000000        0x0 c:/st/stm32cubeide_1.10.1/stm32cubeide/plugins/com.st.stm32cube.ide.mcu.externaltools.gnu-tools-for-stm32.10.3-2021.10.win32_1.0.0.202111181127/tools/bin/../lib/gcc/arm-none-eabi/10.3.1/thumb/v7-m/nofp/crti.o
 .data          0x0000000000000000        0x4 c:/st/stm32cubeide_1.10.1/stm32cubeide/plugins/com.st.stm32cube.ide.mcu.externaltools.gnu-tools-for-stm32.10.3-2021.10.win32_1.0.0.202111181127/tools/bin/../lib/gcc/arm-none-eabi/10.3.1/thumb/v7-m/nofp/crtbegin.o
 .rodata        0x0000000000000000       0x24 c:/st/stm32cubeide_1.10.1/stm32cubeide/plugins/com.st.stm32cube.ide.mcu.externaltools.gnu-tools-for-stm32.10.3-2021.10.win32_1.0.0.202111181127/tools/bin/../lib/gcc/arm-none-eabi/10.3.1/thumb/v7-m/nofp/crtbegin.o
 .text          0x0000000000000000       0x7c c:/st/stm32cubeide_1.10.1/stm32cubeide/plugins/com.st.stm32cube.ide.mcu.externaltools.gnu-tools-for-stm32.10.3-2021.10.win32_1.0.0.202111181127/tools/bin/../lib/gcc/arm-none-eabi/10.3.1/../../../../arm-none-eabi/lib/thumb/v7-m/nofp/crt0.o
 .data          0x0000000000000000        0x0 c:/st/stm32cubeide_1.10.1/stm32cubeide/plugins/com.st.stm32cube.ide.mcu.externaltools.gnu-tools-for-stm32.10.3-2021.10.win32_1.0.0.202111181127/tools/bin/../lib/gcc/arm-none-eabi/10.3.1/../../../../arm-none-eabi/lib/thumb/v7-m/nofp/crt0.o
 .bss           0x0000000000000000        0x0 c:/st/stm32cubeide_1.10.1/stm32cubeide/plugins/com.st.stm32cube.ide.mcu.externaltools.gnu-tools-for-stm32.10.3-2021.10.win32_1.0.0.202111181127/tools/bin/../lib/gcc/arm-none-eabi/10.3.1/../../../../arm-none-eabi/lib/thumb/v7-m/nofp/crt0.o
[...]
Memory Configuration

Name             Origin             Length             Attributes
RAM              0x0000000020000000 0x0000000000005000 xrw
FLASH            0x0000000008000000 0x0000000000010000 xr
*default*        0x0000000000000000 0xffffffffffffffff

Linker script and memory map

LOAD c:/st/stm32cubeide_1.10.1/stm32cubeide/plugins/com.st.stm32cube.ide.mcu.externaltools.gnu-tools-for-stm32.10.3-2021.10.win32_1.0.0.202111181127/tools/bin/../lib/gcc/arm-none-eabi/10.3.1/thumb/v7-m/nofp/crti.o
LOAD c:/st/stm32cubeide_1.10.1/stm32cubeide/plugins/com.st.stm32cube.ide.mcu.externaltools.gnu-tools-for-stm32.10.3-2021.10.win32_1.0.0.202111181127/tools/bin/../lib/gcc/arm-none-eabi/10.3.1/thumb/v7-m/nofp/crtbegin.o
LOAD c:/st/stm32cubeide_1.10.1/stm32cubeide/plugins/com.st.stm32cube.ide.mcu.externaltools.gnu-tools-for-stm32.10.3-2021.10.win32_1.0.0.202111181127/tools/bin/../lib/gcc/arm-none-eabi/10.3.1/../../../../arm-none-eabi/lib/thumb/v7-m/nofp/crt0.o
LOAD ./Core/Src/delay.o
LOAD ./Core/Src/main.o
LOAD ./Core/Src/scheduler.o
LOAD ./Core/Src/stm32f1xx_hal_msp.o
LOAD ./Core/Src/stm32f1xx_it.o
LOAD ./Core/Src/syscalls.o
LOAD ./Core/Src/sysmem.o
LOAD ./Core/Src/system_stm32f1xx.o
LOAD ./Core/Startup/startup_stm32f103c8tx.o
LOAD ./Drivers/STM32F1xx_HAL_Driver/Src/stm32f1xx_hal.o
LOAD ./Drivers/STM32F1xx_HAL_Driver/Src/stm32f1xx_hal_cortex.o
LOAD ./Drivers/STM32F1xx_HAL_Driver/Src/stm32f1xx_hal_dma.o
LOAD ./Drivers/STM32F1xx_HAL_Driver/Src/stm32f1xx_hal_exti.o
LOAD ./Drivers/STM32F1xx_HAL_Driver/Src/stm32f1xx_hal_flash.o
LOAD ./Drivers/STM32F1xx_HAL_Driver/Src/stm32f1xx_hal_flash_ex.o
LOAD ./Drivers/STM32F1xx_HAL_Driver/Src/stm32f1xx_hal_gpio.o
LOAD ./Drivers/STM32F1xx_HAL_Driver/Src/stm32f1xx_hal_gpio_ex.o
LOAD ./Drivers/STM32F1xx_HAL_Driver/Src/stm32f1xx_hal_pwr.o
LOAD ./Drivers/STM32F1xx_HAL_Driver/Src/stm32f1xx_hal_rcc.o
LOAD ./Drivers/STM32F1xx_HAL_Driver/Src/stm32f1xx_hal_rcc_ex.o
START GROUP
LOAD c:/st/stm32cubeide_1.10.1/stm32cubeide/plugins/com.st.stm32cube.ide.mcu.externaltools.gnu-tools-for-stm32.10.3-2021.10.win32_1.0.0.202111181127/tools/bin/../lib/gcc/arm-none-eabi/10.3.1/../../../../arm-none-eabi/lib/thumb/v7-m/nofp\libc_nano.a
LOAD c:/st/stm32cubeide_1.10.1/stm32cubeide/plugins/com.st.stm32cube.ide.mcu.externaltools.gnu-tools-for-stm32.10.3-2021.10.win32_1.0.0.202111181127/tools/bin/../lib/gcc/arm-none-eabi/10.3.1/../../../../arm-none-eabi/lib/thumb/v7-m/nofp\libm.a
END GROUP
START GROUP
LOAD c:/st/stm32cubeide_1.10.1/stm32cubeide/plugins/com.st.stm32cube.ide.mcu.externaltools.gnu-tools-for-stm32.10.3-2021.10.win32_1.0.0.202111181127/tools/bin/../lib/gcc/arm-none-eabi/10.3.1/thumb/v7-m/nofp\libgcc.a
LOAD c:/st/stm32cubeide_1.10.1/stm32cubeide/plugins/com.st.stm32cube.ide.mcu.externaltools.gnu-tools-for-stm32.10.3-2021.10.win32_1.0.0.202111181127/tools/bin/../lib/gcc/arm-none-eabi/10.3.1/../../../../arm-none-eabi/lib/thumb/v7-m/nofp\libc_nano.a
END GROUP
START GROUP
LOAD c:/st/stm32cubeide_1.10.1/stm32cubeide/plugins/com.st.stm32cube.ide.mcu.externaltools.gnu-tools-for-stm32.10.3-2021.10.win32_1.0.0.202111181127/tools/bin/../lib/gcc/arm-none-eabi/10.3.1/thumb/v7-m/nofp\libgcc.a
LOAD c:/st/stm32cubeide_1.10.1/stm32cubeide/plugins/com.st.stm32cube.ide.mcu.externaltools.gnu-tools-for-stm32.10.3-2021.10.win32_1.0.0.202111181127/tools/bin/../lib/gcc/arm-none-eabi/10.3.1/../../../../arm-none-eabi/lib/thumb/v7-m/nofp\libc_nano.a
LOAD c:/st/stm32cubeide_1.10.1/stm32cubeide/plugins/com.st.stm32cube.ide.mcu.externaltools.gnu-tools-for-stm32.10.3-2021.10.win32_1.0.0.202111181127/tools/bin/../lib/gcc/arm-none-eabi/10.3.1/../../../../arm-none-eabi/lib/thumb/v7-m/nofp\libnosys.a
END GROUP
START GROUP
LOAD c:/st/stm32cubeide_1.10.1/stm32cubeide/plugins/com.st.stm32cube.ide.mcu.externaltools.gnu-tools-for-stm32.10.3-2021.10.win32_1.0.0.202111181127/tools/bin/../lib/gcc/arm-none-eabi/10.3.1/thumb/v7-m/nofp\libgcc.a
LOAD c:/st/stm32cubeide_1.10.1/stm32cubeide/plugins/com.st.stm32cube.ide.mcu.externaltools.gnu-tools-for-stm32.10.3-2021.10.win32_1.0.0.202111181127/tools/bin/../lib/gcc/arm-none-eabi/10.3.1/../../../../arm-none-eabi/lib/thumb/v7-m/nofp\libc_nano.a
LOAD c:/st/stm32cubeide_1.10.1/stm32cubeide/plugins/com.st.stm32cube.ide.mcu.externaltools.gnu-tools-for-stm32.10.3-2021.10.win32_1.0.0.202111181127/tools/bin/../lib/gcc/arm-none-eabi/10.3.1/../../../../arm-none-eabi/lib/thumb/v7-m/nofp\libnosys.a
END GROUP
LOAD c:/st/stm32cubeide_1.10.1/stm32cubeide/plugins/com.st.stm32cube.ide.mcu.externaltools.gnu-tools-for-stm32.10.3-2021.10.win32_1.0.0.202111181127/tools/bin/../lib/gcc/arm-none-eabi/10.3.1/thumb/v7-m/nofp/crtend.o
LOAD c:/st/stm32cubeide_1.10.1/stm32cubeide/plugins/com.st.stm32cube.ide.mcu.externaltools.gnu-tools-for-stm32.10.3-2021.10.win32_1.0.0.202111181127/tools/bin/../lib/gcc/arm-none-eabi/10.3.1/thumb/v7-m/nofp/crtn.o
                0x0000000020005000                _estack = (ORIGIN (RAM) + LENGTH (RAM))
                0x0000000000000200                _Min_Heap_Size = 0x200
                0x0000000000000400                _Min_Stack_Size = 0x400

.isr_vector     0x0000000008000000      0x10c
                0x0000000008000000                . = ALIGN (0x4)
 *(.isr_vector)
 .isr_vector    0x0000000008000000      0x10c ./Core/Startup/startup_stm32f103c8tx.o
                0x0000000008000000                g_pfnVectors
                0x000000000800010c                . = ALIGN (0x4)

.text           0x000000000800010c      0x21c
                0x000000000800010c                . = ALIGN (0x4)
 *(.text)
 .text          0x000000000800010c       0x40 c:/st/stm32cubeide_1.10.1/stm32cubeide/plugins/com.st.stm32cube.ide.mcu.externaltools.gnu-tools-for-stm32.10.3-2021.10.win32_1.0.0.202111181127/tools/bin/../lib/gcc/arm-none-eabi/10.3.1/thumb/v7-m/nofp/crtbegin.o
 *(.text*)
 .text.SysTick_Handler
                0x000000000800014c       0x24 ./Core/Src/delay.o
                0x000000000800014c                SysTick_Handler
 .text.DelayInit
                0x0000000008000170       0x20 ./Core/Src/delay.o
                0x0000000008000170                DelayInit
 .text.DelayUs  0x0000000008000190       0x28 ./Core/Src/delay.o
                0x0000000008000190                DelayUs
 .text.DelayMs  0x00000000080001b8       0x24 ./Core/Src/delay.o
                0x00000000080001b8                DelayMs
 .text.main     0x00000000080001dc       0x50 ./Core/Src/main.o
                0x00000000080001dc                main
 .text.NMI_Handler
                0x000000000800022c        0x6 ./Core/Src/stm32f1xx_it.o
                0x000000000800022c                NMI_Handler
 .text.HardFault_Handler
                0x0000000008000232        0x6 ./Core/Src/stm32f1xx_it.o
                0x0000000008000232                HardFault_Handler
 .text.MemManage_Handler
                0x0000000008000238        0x6 ./Core/Src/stm32f1xx_it.o
                0x0000000008000238                MemManage_Handler
 .text.BusFault_Handler
                0x000000000800023e        0x6 ./Core/Src/stm32f1xx_it.o
                0x000000000800023e                BusFault_Handler
 .text.UsageFault_Handler
                0x0000000008000244        0x6 ./Core/Src/stm32f1xx_it.o
                0x0000000008000244                UsageFault_Handler
 .text.SVC_Handler
                0x000000000800024a        0xc ./Core/Src/stm32f1xx_it.o
                0x000000000800024a                SVC_Handler
 .text.DebugMon_Handler
                0x0000000008000256        0xc ./Core/Src/stm32f1xx_it.o
                0x0000000008000256                DebugMon_Handler
 .text.PendSV_Handler
                0x0000000008000262        0xc ./Core/Src/stm32f1xx_it.o
                0x0000000008000262                PendSV_Handler
 .text.SystemInit
                0x000000000800026e        0xc ./Core/Src/system_stm32f1xx.o
                0x000000000800026e                SystemInit
 *fill*         0x000000000800027a        0x2 
 .text.Reset_Handler
                0x000000000800027c       0x48 ./Core/Startup/startup_stm32f103c8tx.o
                0x000000000800027c                Reset_Handler
 .text.Default_Handler
                0x00000000080002c4        0x2 ./Core/Startup/startup_stm32f103c8tx.o
                0x00000000080002c4                RTC_Alarm_IRQHandler
                0x00000000080002c4                EXTI2_IRQHandler
                0x00000000080002c4                TIM1_CC_IRQHandler
                0x00000000080002c4                PVD_IRQHandler
                0x00000000080002c4                EXTI3_IRQHandler
                0x00000000080002c4                EXTI0_IRQHandler
                0x00000000080002c4                I2C2_EV_IRQHandler
                0x00000000080002c4                ADC1_2_IRQHandler
                0x00000000080002c4                SPI1_IRQHandler
                0x00000000080002c4                TAMPER_IRQHandler
                0x00000000080002c4                DMA1_Channel4_IRQHandler
                0x00000000080002c4                USART3_IRQHandler
                0x00000000080002c4                RTC_IRQHandler
                0x00000000080002c4                DMA1_Channel7_IRQHandler
                0x00000000080002c4                CAN1_RX1_IRQHandler
                0x00000000080002c4                TIM4_IRQHandler
                0x00000000080002c4                I2C1_EV_IRQHandler
                0x00000000080002c4                DMA1_Channel6_IRQHandler
                0x00000000080002c4                TIM3_IRQHandler
                0x00000000080002c4                RCC_IRQHandler
                0x00000000080002c4                TIM1_TRG_COM_IRQHandler
                0x00000000080002c4                DMA1_Channel1_IRQHandler
                0x00000000080002c4                Default_Handler
                0x00000000080002c4                EXTI15_10_IRQHandler
                0x00000000080002c4                EXTI9_5_IRQHandler
                0x00000000080002c4                SPI2_IRQHandler
                0x00000000080002c4                DMA1_Channel5_IRQHandler
                0x00000000080002c4                EXTI4_IRQHandler
                0x00000000080002c4                USB_LP_CAN1_RX0_IRQHandler
                0x00000000080002c4                USB_HP_CAN1_TX_IRQHandler
                0x00000000080002c4                DMA1_Channel3_IRQHandler
                0x00000000080002c4                TIM1_UP_IRQHandler
                0x00000000080002c4                WWDG_IRQHandler
                0x00000000080002c4                TIM2_IRQHandler
                0x00000000080002c4                TIM1_BRK_IRQHandler
                0x00000000080002c4                EXTI1_IRQHandler
                0x00000000080002c4                USART2_IRQHandler
                0x00000000080002c4                I2C2_ER_IRQHandler
                0x00000000080002c4                DMA1_Channel2_IRQHandler
                0x00000000080002c4                CAN1_SCE_IRQHandler
                0x00000000080002c4                FLASH_IRQHandler
                0x00000000080002c4                USART1_IRQHandler
                0x00000000080002c4                I2C1_ER_IRQHandler
                0x00000000080002c4                USBWakeUp_IRQHandler
 *fill*         0x00000000080002c6        0x2 
 .text.__libc_init_array
                0x00000000080002c8       0x48 c:/st/stm32cubeide_1.10.1/stm32cubeide/plugins/com.st.stm32cube.ide.mcu.externaltools.gnu-tools-for-stm32.10.3-2021.10.win32_1.0.0.202111181127/tools/bin/../lib/gcc/arm-none-eabi/10.3.1/../../../../arm-none-eabi/lib/thumb/v7-m/nofp\libc_nano.a(lib_a-init.o)
                0x00000000080002c8                __libc_init_array
 *(.glue_7)
 .glue_7        0x0000000008000310        0x0 linker stubs
 *(.glue_7t)
 .glue_7t       0x0000000008000310        0x0 linker stubs
 *(.eh_frame)
 .eh_frame      0x0000000008000310        0x0 c:/st/stm32cubeide_1.10.1/stm32cubeide/plugins/com.st.stm32cube.ide.mcu.externaltools.gnu-tools-for-stm32.10.3-2021.10.win32_1.0.0.202111181127/tools/bin/../lib/gcc/arm-none-eabi/10.3.1/thumb/v7-m/nofp/crtbegin.o
 *(.init)
 .init          0x0000000008000310        0x4 c:/st/stm32cubeide_1.10.1/stm32cubeide/plugins/com.st.stm32cube.ide.mcu.externaltools.gnu-tools-for-stm32.10.3-2021.10.win32_1.0.0.202111181127/tools/bin/../lib/gcc/arm-none-eabi/10.3.1/thumb/v7-m/nofp/crti.o
                0x0000000008000310                _init
 .init          0x0000000008000314        0x8 c:/st/stm32cubeide_1.10.1/stm32cubeide/plugins/com.st.stm32cube.ide.mcu.externaltools.gnu-tools-for-stm32.10.3-2021.10.win32_1.0.0.202111181127/tools/bin/../lib/gcc/arm-none-eabi/10.3.1/thumb/v7-m/nofp/crtn.o
 *(.fini)
 .fini          0x000000000800031c        0x4 c:/st/stm32cubeide_1.10.1/stm32cubeide/plugins/com.st.stm32cube.ide.mcu.externaltools.gnu-tools-for-stm32.10.3-2021.10.win32_1.0.0.202111181127/tools/bin/../lib/gcc/arm-none-eabi/10.3.1/thumb/v7-m/nofp/crti.o
                0x000000000800031c                _fini
 .fini          0x0000000008000320        0x8 c:/st/stm32cubeide_1.10.1/stm32cubeide/plugins/com.st.stm32cube.ide.mcu.externaltools.gnu-tools-for-stm32.10.3-2021.10.win32_1.0.0.202111181127/tools/bin/../lib/gcc/arm-none-eabi/10.3.1/thumb/v7-m/nofp/crtn.o
                0x0000000008000328                . = ALIGN (0x4)
                0x0000000008000328                _etext = .

.vfp11_veneer   0x0000000008000328        0x0
 .vfp11_veneer  0x0000000008000328        0x0 linker stubs

.v4_bx          0x0000000008000328        0x0
 .v4_bx         0x0000000008000328        0x0 linker stubs

.iplt           0x0000000008000328        0x0
 .iplt          0x0000000008000328        0x0 c:/st/stm32cubeide_1.10.1/stm32cubeide/plugins/com.st.stm32cube.ide.mcu.externaltools.gnu-tools-for-stm32.10.3-2021.10.win32_1.0.0.202111181127/tools/bin/../lib/gcc/arm-none-eabi/10.3.1/thumb/v7-m/nofp/crtbegin.o

.rel.dyn        0x0000000008000328        0x0
 .rel.iplt      0x0000000008000328        0x0 c:/st/stm32cubeide_1.10.1/stm32cubeide/plugins/com.st.stm32cube.ide.mcu.externaltools.gnu-tools-for-stm32.10.3-2021.10.win32_1.0.0.202111181127/tools/bin/../lib/gcc/arm-none-eabi/10.3.1/thumb/v7-m/nofp/crtbegin.o

.rodata         0x0000000008000328        0x0
                0x0000000008000328                . = ALIGN (0x4)
 *(.rodata)
 *(.rodata*)
                0x0000000008000328                . = ALIGN (0x4)

.ARM.extab      0x0000000008000328        0x0
                0x0000000008000328                . = ALIGN (0x4)
 *(.ARM.extab* .gnu.linkonce.armextab.*)
                0x0000000008000328                . = ALIGN (0x4)

.ARM            0x0000000008000328        0x0
                0x0000000008000328                . = ALIGN (0x4)
                0x0000000008000328                __exidx_start = .
 *(.ARM.exidx*)
                0x0000000008000328                __exidx_end = .
                0x0000000008000328                . = ALIGN (0x4)

.preinit_array  0x0000000008000328        0x0
                0x0000000008000328                . = ALIGN (0x4)
                0x0000000008000328                PROVIDE (__preinit_array_start = .)
 *(.preinit_array*)
                0x0000000008000328                PROVIDE (__preinit_array_end = .)
                0x0000000008000328                . = ALIGN (0x4)

.init_array     0x0000000008000328        0x4
                0x0000000008000328                . = ALIGN (0x4)
                0x0000000008000328                PROVIDE (__init_array_start = .)
 *(SORT_BY_NAME(.init_array.*))
 *(.init_array*)
 .init_array    0x0000000008000328        0x4 c:/st/stm32cubeide_1.10.1/stm32cubeide/plugins/com.st.stm32cube.ide.mcu.externaltools.gnu-tools-for-stm32.10.3-2021.10.win32_1.0.0.202111181127/tools/bin/../lib/gcc/arm-none-eabi/10.3.1/thumb/v7-m/nofp/crtbegin.o
                0x000000000800032c                PROVIDE (__init_array_end = .)
                0x000000000800032c                . = ALIGN (0x4)

.fini_array     0x000000000800032c        0x4
                0x000000000800032c                . = ALIGN (0x4)
                [!provide]                        PROVIDE (__fini_array_start = .)
 *(SORT_BY_NAME(.fini_array.*))
 *(.fini_array*)
 .fini_array    0x000000000800032c        0x4 c:/st/stm32cubeide_1.10.1/stm32cubeide/plugins/com.st.stm32cube.ide.mcu.externaltools.gnu-tools-for-stm32.10.3-2021.10.win32_1.0.0.202111181127/tools/bin/../lib/gcc/arm-none-eabi/10.3.1/thumb/v7-m/nofp/crtbegin.o
                [!provide]                        PROVIDE (__fini_array_end = .)
                0x0000000008000330                . = ALIGN (0x4)
                0x0000000008000330                _sidata = LOADADDR (.data)

.data           0x0000000020000000        0x0 load address 0x0000000008000330
                0x0000000020000000                . = ALIGN (0x4)
                0x0000000020000000                _sdata = .
 *(.data)
 *(.data*)
 *(.RamFunc)
 *(.RamFunc*)
                0x0000000020000000                . = ALIGN (0x4)
                0x0000000020000000                _edata = .

.igot.plt       0x0000000020000000        0x0 load address 0x0000000008000330
 .igot.plt      0x0000000020000000        0x0 c:/st/stm32cubeide_1.10.1/stm32cubeide/plugins/com.st.stm32cube.ide.mcu.externaltools.gnu-tools-for-stm32.10.3-2021.10.win32_1.0.0.202111181127/tools/bin/../lib/gcc/arm-none-eabi/10.3.1/thumb/v7-m/nofp/crtbegin.o
                0x0000000020000000                . = ALIGN (0x4)

.bss            0x0000000020000000       0x20 load address 0x0000000008000330
                0x0000000020000000                _sbss = .
                0x0000000020000000                __bss_start__ = _sbss
 *(.bss)
 .bss           0x0000000020000000       0x1c c:/st/stm32cubeide_1.10.1/stm32cubeide/plugins/com.st.stm32cube.ide.mcu.externaltools.gnu-tools-for-stm32.10.3-2021.10.win32_1.0.0.202111181127/tools/bin/../lib/gcc/arm-none-eabi/10.3.1/thumb/v7-m/nofp/crtbegin.o
 *(.bss*)
 .bss.usTicks   0x000000002000001c        0x4 ./Core/Src/delay.o
 *(COMMON)
                0x0000000020000020                . = ALIGN (0x4)
                0x0000000020000020                _ebss = .
                0x0000000020000020                __bss_end__ = _ebss

._user_heap_stack
                0x0000000020000020      0x600 load address 0x0000000008000330
                0x0000000020000020                . = ALIGN (0x8)
                [!provide]                        PROVIDE (end = .)
                0x0000000020000020                PROVIDE (_end = .)
                0x0000000020000220                . = (. + _Min_Heap_Size)
 *fill*         0x0000000020000020      0x200 
                0x0000000020000620                . = (. + _Min_Stack_Size)
 *fill*         0x0000000020000220      0x400 
                0x0000000020000620                . = ALIGN (0x8)

/DISCARD/
 libc.a(*)
 libm.a(*)
 libgcc.a(*)

.ARM.attributes
                0x0000000000000000       0x29
 *(.ARM.attributes)
 .ARM.attributes
                0x0000000000000000       0x1d c:/st/stm32cubeide_1.10.1/stm32cubeide/plugins/com.st.stm32cube.ide.mcu.externaltools.gnu-tools-for-stm32.10.3-2021.10.win32_1.0.0.202111181127/tools/bin/../lib/gcc/arm-none-eabi/10.3.1/thumb/v7-m/nofp/crti.o
 .ARM.attributes
                0x000000000000001d       0x2d c:/st/stm32cubeide_1.10.1/stm32cubeide/plugins/com.st.stm32cube.ide.mcu.externaltools.gnu-tools-for-stm32.10.3-2021.10.win32_1.0.0.202111181127/tools/bin/../lib/gcc/arm-none-eabi/10.3.1/thumb/v7-m/nofp/crtbegin.o
 .ARM.attributes
                0x000000000000004a       0x2d ./Core/Src/delay.o
 .ARM.attributes
                0x0000000000000077       0x2d ./Core/Src/main.o
 .ARM.attributes
                0x00000000000000a4       0x2d ./Core/Src/stm32f1xx_it.o
 .ARM.attributes
                0x00000000000000d1       0x2d ./Core/Src/system_stm32f1xx.o
 .ARM.attributes
                0x00000000000000fe       0x21 ./Core/Startup/startup_stm32f103c8tx.o
 .ARM.attributes
                0x000000000000011f       0x2d c:/st/stm32cubeide_1.10.1/stm32cubeide/plugins/com.st.stm32cube.ide.mcu.externaltools.gnu-tools-for-stm32.10.3-2021.10.win32_1.0.0.202111181127/tools/bin/../lib/gcc/arm-none-eabi/10.3.1/../../../../arm-none-eabi/lib/thumb/v7-m/nofp\libc_nano.a(lib_a-init.o)
 .ARM.attributes
                0x000000000000014c       0x1d c:/st/stm32cubeide_1.10.1/stm32cubeide/plugins/com.st.stm32cube.ide.mcu.externaltools.gnu-tools-for-stm32.10.3-2021.10.win32_1.0.0.202111181127/tools/bin/../lib/gcc/arm-none-eabi/10.3.1/thumb/v7-m/nofp/crtn.o
OUTPUT(Systick_Timer.elf elf32-littlearm)
LOAD linker stubs
LOAD c:/st/stm32cubeide_1.10.1/stm32cubeide/plugins/com.st.stm32cube.ide.mcu.externaltools.gnu-tools-for-stm32.10.3-2021.10.win32_1.0.0.202111181127/tools/bin/../lib/gcc/arm-none-eabi/10.3.1/../../../../arm-none-eabi/lib/thumb/v7-m/nofp\libc.a
LOAD c:/st/stm32cubeide_1.10.1/stm32cubeide/plugins/com.st.stm32cube.ide.mcu.externaltools.gnu-tools-for-stm32.10.3-2021.10.win32_1.0.0.202111181127/tools/bin/../lib/gcc/arm-none-eabi/10.3.1/../../../../arm-none-eabi/lib/thumb/v7-m/nofp\libm.a
LOAD c:/st/stm32cubeide_1.10.1/stm32cubeide/plugins/com.st.stm32cube.ide.mcu.externaltools.gnu-tools-for-stm32.10.3-2021.10.win32_1.0.0.202111181127/tools/bin/../lib/gcc/arm-none-eabi/10.3.1/thumb/v7-m/nofp\libgcc.a

.debug_info     0x0000000000000000      0x6c8
 .debug_info    0x0000000000000000      0x169 ./Core/Src/delay.o
 .debug_info    0x0000000000000169      0x1f9 ./Core/Src/main.o
 .debug_info    0x0000000000000362      0x107 ./Core/Src/stm32f1xx_it.o
 .debug_info    0x0000000000000469      0x23d ./Core/Src/system_stm32f1xx.o
 .debug_info    0x00000000000006a6       0x22 ./Core/Startup/startup_stm32f103c8tx.o

.debug_abbrev   0x0000000000000000      0x374
 .debug_abbrev  0x0000000000000000       0xfc ./Core/Src/delay.o
 .debug_abbrev  0x00000000000000fc       0xe4 ./Core/Src/main.o
 .debug_abbrev  0x00000000000001e0       0x47 ./Core/Src/stm32f1xx_it.o
 .debug_abbrev  0x0000000000000227      0x13b ./Core/Src/system_stm32f1xx.o
 .debug_abbrev  0x0000000000000362       0x12 ./Core/Startup/startup_stm32f103c8tx.o

.debug_aranges  0x0000000000000000      0x100
 .debug_aranges
                0x0000000000000000       0x38 ./Core/Src/delay.o
 .debug_aranges
                0x0000000000000038       0x20 ./Core/Src/main.o
 .debug_aranges
                0x0000000000000058       0x58 ./Core/Src/stm32f1xx_it.o
 .debug_aranges
                0x00000000000000b0       0x28 ./Core/Src/system_stm32f1xx.o
 .debug_aranges
                0x00000000000000d8       0x28 ./Core/Startup/startup_stm32f103c8tx.o

.debug_ranges   0x0000000000000000       0xb8
 .debug_ranges  0x0000000000000000       0x28 ./Core/Src/delay.o
 .debug_ranges  0x0000000000000028       0x10 ./Core/Src/main.o
 .debug_ranges  0x0000000000000038       0x48 ./Core/Src/stm32f1xx_it.o
 .debug_ranges  0x0000000000000080       0x18 ./Core/Src/system_stm32f1xx.o
 .debug_ranges  0x0000000000000098       0x20 ./Core/Startup/startup_stm32f103c8tx.o

.debug_macro    0x0000000000000000    0x15206
 .debug_macro   0x0000000000000000      0x19a ./Core/Src/delay.o
 .debug_macro   0x000000000000019a      0xa6c ./Core/Src/delay.o
 .debug_macro   0x0000000000000c06      0x209 ./Core/Src/delay.o
 .debug_macro   0x0000000000000e0f       0x2e ./Core/Src/delay.o
 .debug_macro   0x0000000000000e3d       0x22 ./Core/Src/delay.o
 .debug_macro   0x0000000000000e5f       0x22 ./Core/Src/delay.o
 .debug_macro   0x0000000000000e81       0x8e ./Core/Src/delay.o
 .debug_macro   0x0000000000000f0f       0x51 ./Core/Src/delay.o
 .debug_macro   0x0000000000000f60      0x103 ./Core/Src/delay.o
 .debug_macro   0x0000000000001063       0x6a ./Core/Src/delay.o
 .debug_macro   0x00000000000010cd      0x1df ./Core/Src/delay.o
 .debug_macro   0x00000000000012ac       0x1c ./Core/Src/delay.o
 .debug_macro   0x00000000000012c8       0x22 ./Core/Src/delay.o
 .debug_macro   0x00000000000012ea       0xbd ./Core/Src/delay.o
 .debug_macro   0x00000000000013a7      0xd23 ./Core/Src/delay.o
 .debug_macro   0x00000000000020ca     0xe09e ./Core/Src/delay.o
 .debug_macro   0x0000000000010168       0x6d ./Core/Src/delay.o
 .debug_macro   0x00000000000101d5     0x3468 ./Core/Src/delay.o
 .debug_macro   0x000000000001363d      0x174 ./Core/Src/delay.o
 .debug_macro   0x00000000000137b1       0x5c ./Core/Src/delay.o
 .debug_macro   0x000000000001380d      0x5be ./Core/Src/delay.o
 .debug_macro   0x0000000000013dcb      0x289 ./Core/Src/delay.o
 .debug_macro   0x0000000000014054      0x1cb ./Core/Src/delay.o
 .debug_macro   0x000000000001421f      0x114 ./Core/Src/delay.o
 .debug_macro   0x0000000000014333      0x1b2 ./Core/Src/delay.o
 .debug_macro   0x00000000000144e5       0x27 ./Core/Src/delay.o
 .debug_macro   0x000000000001450c      0x136 ./Core/Src/delay.o
 .debug_macro   0x0000000000014642      0x1bc ./Core/Src/delay.o
 .debug_macro   0x00000000000147fe       0x34 ./Core/Src/delay.o
 .debug_macro   0x0000000000014832       0x3c ./Core/Src/delay.o
 .debug_macro   0x000000000001486e       0x57 ./Core/Src/delay.o
 .debug_macro   0x00000000000148c5       0x88 ./Core/Src/delay.o
 .debug_macro   0x000000000001494d      0x241 ./Core/Src/delay.o
 .debug_macro   0x0000000000014b8e      0x141 ./Core/Src/delay.o
 .debug_macro   0x0000000000014ccf       0x83 ./Core/Src/delay.o
 .debug_macro   0x0000000000014d52      0x198 ./Core/Src/main.o
 .debug_macro   0x0000000000014eea      0x198 ./Core/Src/stm32f1xx_it.o
 .debug_macro   0x0000000000015082      0x184 ./Core/Src/system_stm32f1xx.o

.debug_line     0x0000000000000000     0x1ad9
 .debug_line    0x0000000000000000      0x68a ./Core/Src/delay.o
 .debug_line    0x000000000000068a      0x64e ./Core/Src/main.o
 .debug_line    0x0000000000000cd8      0x6d3 ./Core/Src/stm32f1xx_it.o
 .debug_line    0x00000000000013ab      0x6a7 ./Core/Src/system_stm32f1xx.o
 .debug_line    0x0000000000001a52       0x87 ./Core/Startup/startup_stm32f103c8tx.o

.debug_str      0x0000000000000000    0x7a94e
 .debug_str     0x0000000000000000    0x7a763 ./Core/Src/delay.o
                                      0x7aa86 (size before relaxing)
 .debug_str     0x000000000007a763       0x80 ./Core/Src/main.o
                                      0x7aa96 (size before relaxing)
 .debug_str     0x000000000007a7e3       0xad ./Core/Src/stm32f1xx_it.o
                                      0x7aa99 (size before relaxing)
 .debug_str     0x000000000007a890       0x88 ./Core/Src/system_stm32f1xx.o
                                      0x7aacb (size before relaxing)
 .debug_str     0x000000000007a918       0x36 ./Core/Startup/startup_stm32f103c8tx.o
                                         0x7e (size before relaxing)

.comment        0x0000000000000000       0x50
 .comment       0x0000000000000000       0x50 ./Core/Src/delay.o
                                         0x51 (size before relaxing)
 .comment       0x0000000000000050       0x51 ./Core/Src/main.o
 .comment       0x0000000000000050       0x51 ./Core/Src/stm32f1xx_it.o
 .comment       0x0000000000000050       0x51 ./Core/Src/system_stm32f1xx.o

.debug_frame    0x0000000000000000      0x234
 .debug_frame   0x0000000000000000       0x9c ./Core/Src/delay.o
 .debug_frame   0x000000000000009c       0x2c ./Core/Src/main.o
 .debug_frame   0x00000000000000c8       0xe8 ./Core/Src/stm32f1xx_it.o
 .debug_frame   0x00000000000001b0       0x58 ./Core/Src/system_stm32f1xx.o
 .debug_frame   0x0000000000000208       0x2c c:/st/stm32cubeide_1.10.1/stm32cubeide/plugins/com.st.stm32cube.ide.mcu.externaltools.gnu-tools-for-stm32.10.3-2021.10.win32_1.0.0.202111181127/tools/bin/../lib/gcc/arm-none-eabi/10.3.1/../../../../arm-none-eabi/lib/thumb/v7-m/nofp\libc_nano.a(lib_a-init.o)
