../Core/Src/port.c:216:14:pxPortInitialiseStack	24	static
../Core/Src/port.c:234:13:prvTaskExitError	16	static,ignoring_inline_asm
../Core/Src/port.c:248:6:SVC_Handler	0	static,ignoring_inline_asm
../Core/Src/port.c:268:13:prvPortStartFirstTask	0	static,ignoring_inline_asm
../Core/Src/port.c:288:12:xPortStartScheduler	8	static
../Core/Src/port.c:363:6:vPortEndScheduler	4	static
../Core/Src/port.c:371:6:vPortEnterCritical	16	static,ignoring_inline_asm
../Core/Src/port.c:388:6:vPortExitCritical	16	static,ignoring_inline_asm
../Core/Src/port.c:399:6:PendSV_Handler	0	static,ignoring_inline_asm
../Core/Src/port.c:436:6:SysTick_Handler	16	static,ignoring_inline_asm
../Core/Src/port.c:614:30:vPortSetupTimerInterrupt	4	static
