../Core/Src/queue.c:279:12:xQueueGenericReset	24	static,ignoring_inline_asm
../Core/Src/queue.c:386:16:xQueueGenericCreate	48	static
../Core/Src/queue.c:432:13:prvInitialiseNewQueue	24	static
../Core/Src/queue.c:476:14:prvInitialiseMutex	16	static
../Core/Src/queue.c:506:16:xQueueCreateMutex	32	static
../Core/Src/queue.c:723:12:xQueueGenericSend	48	static,ignoring_inline_asm
../Core/Src/queue.c:921:12:xQueueGenericSendFromISR	56	static,ignoring_inline_asm
../Core/Src/queue.c:1072:12:xQueueGiveFromISR	48	static,ignoring_inline_asm
../Core/Src/queue.c:1237:12:xQueueGenericReceive	48	static,ignoring_inline_asm
../Core/Src/queue.c:1434:12:xQueueReceiveFromISR	56	static,ignoring_inline_asm
../Core/Src/queue.c:1525:12:xQueuePeekFromISR	48	static,ignoring_inline_asm
../Core/Src/queue.c:1579:13:uxQueueMessagesWaiting	24	static
../Core/Src/queue.c:1595:13:uxQueueSpacesAvailable	24	static
../Core/Src/queue.c:1613:13:uxQueueMessagesWaitingFromISR	24	static
../Core/Src/queue.c:1625:6:vQueueDelete	24	static
../Core/Src/queue.c:1669:14:uxQueueGetQueueNumber	16	static
../Core/Src/queue.c:1679:7:vQueueSetQueueNumber	16	static
../Core/Src/queue.c:1689:10:ucQueueGetQueueType	16	static
../Core/Src/queue.c:1697:19:prvCopyDataToQueue	32	static
../Core/Src/queue.c:1776:13:prvCopyDataFromQueue	16	static
../Core/Src/queue.c:1794:13:prvUnlockQueue	24	static
../Core/Src/queue.c:1914:19:prvIsQueueEmpty	24	static
../Core/Src/queue.c:1935:12:xQueueIsQueueEmptyFromISR	24	static
../Core/Src/queue.c:1953:19:prvIsQueueFull	24	static
../Core/Src/queue.c:1974:12:xQueueIsQueueFullFromISR	24	static
