../Core/Src/tasks.c:676:13:xTaskCreate	56	static
../Core/Src/tasks.c:767:13:prvInitialiseNewTask	32	static
../Core/Src/tasks.c:963:13:prvAddNewTaskToReadyList	16	static,ignoring_inline_asm
../Core/Src/tasks.c:1048:7:vTaskDelete	24	static,ignoring_inline_asm
../Core/Src/tasks.c:1140:7:vTaskDelayUntil	32	static,ignoring_inline_asm
../Core/Src/tasks.c:1224:7:vTaskDelay	24	static,ignoring_inline_asm
../Core/Src/tasks.c:1269:13:eTaskGetState	32	static
../Core/Src/tasks.c:1340:14:uxTaskPriorityGet	24	static
../Core/Src/tasks.c:1362:14:uxTaskPriorityGetFromISR	40	static,ignoring_inline_asm
../Core/Src/tasks.c:1402:7:vTaskPrioritySet	32	static,ignoring_inline_asm
../Core/Src/tasks.c:1566:7:vTaskSuspend	24	static,ignoring_inline_asm
../Core/Src/tasks.c:1656:20:prvTaskIsTaskSuspended	24	static
../Core/Src/tasks.c:1702:7:vTaskResume	24	static,ignoring_inline_asm
../Core/Src/tasks.c:1756:13:xTaskResumeFromISR	40	static,ignoring_inline_asm
../Core/Src/tasks.c:1826:6:vTaskStartScheduler	24	static,ignoring_inline_asm
../Core/Src/tasks.c:1933:6:vTaskEndScheduler	16	static,ignoring_inline_asm
../Core/Src/tasks.c:1944:6:vTaskSuspendAll	4	static
../Core/Src/tasks.c:2017:12:xTaskResumeAll	24	static,ignoring_inline_asm
../Core/Src/tasks.c:2127:12:xTaskGetTickCount	16	static
../Core/Src/tasks.c:2142:12:xTaskGetTickCountFromISR	16	static
../Core/Src/tasks.c:2173:13:uxTaskGetNumberOfTasks	4	static
../Core/Src/tasks.c:2181:7:pcTaskGetName	24	static
../Core/Src/tasks.c:2321:14:uxTaskGetSystemState	32	static
../Core/Src/tasks.c:2499:12:xTaskIncrementTick	32	static
../Core/Src/tasks.c:2761:6:vTaskSwitchContext	24	static,ignoring_inline_asm
../Core/Src/tasks.c:2820:6:vTaskPlaceOnEventList	16	static
../Core/Src/tasks.c:2837:6:vTaskPlaceOnUnorderedEventList	24	static
../Core/Src/tasks.c:2894:12:xTaskRemoveFromEventList	24	static
../Core/Src/tasks.c:2962:12:xTaskRemoveFromUnorderedEventList	24	static
../Core/Src/tasks.c:3007:6:vTaskSetTimeOutState	16	static
../Core/Src/tasks.c:3015:12:xTaskCheckForTimeOut	24	static
../Core/Src/tasks.c:3076:6:vTaskMissedYield	4	static
../Core/Src/tasks.c:3084:14:uxTaskGetTaskNumber	24	static
../Core/Src/tasks.c:3107:7:vTaskSetTaskNumber	24	static
../Core/Src/tasks.c:3131:8:prvIdleTask	16	static,ignoring_inline_asm
../Core/Src/tasks.c:3333:13:prvInitialiseTaskLists	16	static
../Core/Src/tasks.c:3365:13:prvCheckTasksWaitingTermination	16	static
../Core/Src/tasks.c:3411:7:vTaskGetInfo	32	static
../Core/Src/tasks.c:3500:21:prvListTasksWithinSingleList	48	static
../Core/Src/tasks.c:3533:18:prvTaskCheckFreeStackSpace	24	static
../Core/Src/tasks.c:3553:14:uxTaskGetStackHighWaterMark	32	static
../Core/Src/tasks.c:3581:14:prvDeleteTCB	16	static
../Core/Src/tasks.c:3635:13:prvResetNextTaskUnblockTime	16	static
../Core/Src/tasks.c:3661:15:xTaskGetCurrentTaskHandle	16	static
../Core/Src/tasks.c:3706:7:vTaskPriorityInherit	24	static
../Core/Src/tasks.c:3772:13:xTaskPriorityDisinherit	24	static
../Core/Src/tasks.c:4162:12:uxTaskResetEventItemValue	16	static
../Core/Src/tasks.c:4178:8:pvTaskIncrementMutexHeldCount	4	static
../Core/Src/tasks.c:4195:11:ulTaskNotifyTake	24	static,ignoring_inline_asm
../Core/Src/tasks.c:4263:13:xTaskNotifyWait	32	static,ignoring_inline_asm
../Core/Src/tasks.c:4343:13:xTaskGenericNotify	40	static,ignoring_inline_asm
../Core/Src/tasks.c:4449:13:xTaskGenericNotifyFromISR	56	static,ignoring_inline_asm
../Core/Src/tasks.c:4573:7:vTaskNotifyGiveFromISR	40	static,ignoring_inline_asm
../Core/Src/tasks.c:4662:13:xTaskNotifyStateClear	24	static
../Core/Src/tasks.c:4692:13:prvAddCurrentTaskToDelayedList	24	static
